Traceback (most recent call last):
  File "/opt/jupyterhub/lib/python3.10/site-packages/jupyter_cache/executors/utils.py", line 58, in single_nb_execution
    executenb(
  File "/opt/jupyterhub/lib/python3.10/site-packages/nbclient/client.py", line 1314, in execute
    return NotebookClient(nb=nb, resources=resources, km=km, **kwargs).execute()
  File "/opt/jupyterhub/lib/python3.10/site-packages/jupyter_core/utils/__init__.py", line 165, in wrapped
    return loop.run_until_complete(inner)
  File "/usr/lib/python3.10/asyncio/base_events.py", line 649, in run_until_complete
    return future.result()
  File "/opt/jupyterhub/lib/python3.10/site-packages/nbclient/client.py", line 709, in async_execute
    await self.async_execute_cell(
  File "/opt/jupyterhub/lib/python3.10/site-packages/nbclient/client.py", line 1062, in async_execute_cell
    await self._check_raise_for_error(cell, cell_index, exec_reply)
  File "/opt/jupyterhub/lib/python3.10/site-packages/nbclient/client.py", line 918, in _check_raise_for_error
    raise CellExecutionError.from_cell_and_msg(cell, exec_reply_content)
nbclient.exceptions.CellExecutionError: An error occurred while executing the following cell:
------------------
def mymodel(x1,x2):
    objvalue = myobj(x1,x2)
    constraint1 = con1(x1,x2)
    constraint2 = con2(x1,x2)
# print current results
    print("Substance A produced = ",x1)
    print("Substance B produced = ",x2)
    print("Objective Function Value = ",objvalue)
    print("Minimun Production Constraint = ",constraint1)
    print("Maximum Labor Budget = ",constraint2)
    if constraint1 < 0 or constraint2 < 0 or x1 < 0 or x2 <0:
        print("Solution is INFEASIBLE")
    else:
        print("Solution is FEASIBLE")
    return
x1=500
x2=500
mymodel(x1,x2)
------------------


[0;31m---------------------------------------------------------------------------[0m
[0;31mNameError[0m                                 Traceback (most recent call last)
Cell [0;32mIn[2], line 18[0m
[1;32m     16[0m x1[38;5;241m=[39m[38;5;241m500[39m
[1;32m     17[0m x2[38;5;241m=[39m[38;5;241m500[39m
[0;32m---> 18[0m [43mmymodel[49m[43m([49m[43mx1[49m[43m,[49m[43mx2[49m[43m)[49m

Cell [0;32mIn[2], line 2[0m, in [0;36mmymodel[0;34m(x1, x2)[0m
[1;32m      1[0m [38;5;28;01mdef[39;00m [38;5;21mmymodel[39m(x1,x2):
[0;32m----> 2[0m     objvalue [38;5;241m=[39m [43mmyobj[49m(x1,x2)
[1;32m      3[0m     constraint1 [38;5;241m=[39m con1(x1,x2)
[1;32m      4[0m     constraint2 [38;5;241m=[39m con2(x1,x2)

[0;31mNameError[0m: name 'myobj' is not defined

